[test] Starting MeowGateway live integration test...

[gateway] MeowGateway listening on ws://0.0.0.0:10980
[test] Gateway started on port 10980
[test] Connecting to ws://localhost:10980?token=dev-token-change-me...
[gateway] Client client-1777305441026-k14r connected
[test] WebSocket connected
[test] ← Received: AUTH_REQUEST
[gateway] Client client-1777305441026-k14r authenticated
[test] ← Received: AUTH_RESPONSE
[test] ✓ Authenticated successfully
[test] Sending: "Hello, respond with 'Meow!' if you can hear me."
[test] ← Received: STATUS
[test]   Status: Processing prompt...
[gateway] Agent error: [meow-run] Starting lean-agent with prompt: Hello, respond with 'Meow!' if you can hear me....
[meow-run] jsonMode: true
[meow-run] cwd: C:\Users\stanc\github\meow-1\packages\harness
[meow-run] LLM_API_KEY: (set)
[meow-run] LLM_BASE_URL: https://api.minimax.io/anthropic
[meow-run] lean-agent exited 1 in 21ms
[meow-run] Error: error: Module not found "C:\Users\stanc\github\meow-1\packages\harness\agent-kernel\src\core\lean-agent.ts"
Meow error: error: Module not found "C:\Users\stanc\github\meow-1\packages\harness\agent-kernel\src\core\lean-agent.ts"
[test] ← Received: ERROR
[test] ✗ ERROR: [meow-run] Starting lean-agent with prompt: Hello, respond with 'Meow!' if you can hear me....
[meow-run] jsonMode: true
[meow-run] cwd: C:\Users\stanc\github\meow-1\packages\harness
[meow-run] LLM_API_KEY: (set)
[meow-run] LLM_BASE_URL: https://api.minimax.io/anthropic
[meow-run] lean-agent exited 1 in 21ms
[meow-run] Error: error: Module not found "C:\Users\stanc\github\meow-1\packages\harness\agent-kernel\src\core\lean-agent.ts"
Meow error: error: Module not found "C:\Users\stanc\github\meow-1\packages\harness\agent-kernel\src\core\lean-agent.ts"

[test] Connection closed
[test] RESULT: ✗ FAIL
